// Jest Snapshot v1, https://goo.gl/fbAQLP

exports[`BreadCrumbs Should match snapshot 1`] = `
<div>
  <div
    class="breadcrumbs false"
  >
    <span
      class="breadcrumbs__item"
    >
      Category 1
       
      <span
        class="breadcrumbs__item--separator"
      >
        &gt;
      </span>
    </span>
    <span
      class="breadcrumbs__item"
    >
      Category 2
       
      <span
        class="breadcrumbs__item--separator"
      >
        &gt;
      </span>
    </span>
    <span
      class="breadcrumbs__item"
    >
      Category 3
       
    </span>
  </div>
</div>
`;
